{
  "version": "1.5.0",
  "plugins_used": [
    {
      "name": "ArtifactoryDetector"
    },
    {
      "name": "AWSKeyDetector"
    },
    {
      "name": "AzureStorageKeyDetector"
    },
    {
      "name": "Base64HighEntropyString",
      "limit": 4.5
    },
    {
      "name": "BasicAuthDetector"
    },
    {
      "name": "CloudantDetector"
    },
    {
      "name": "DiscordBotTokenDetector"
    },
    {
      "name": "GitHubTokenDetector"
    },
    {
      "name": "GitLabTokenDetector"
    },
    {
      "name": "HexHighEntropyString",
      "limit": 3.0
    },
    {
      "name": "IbmCloudIamDetector"
    },
    {
      "name": "IbmCosHmacDetector"
    },
    {
      "name": "IPPublicDetector"
    },
    {
      "name": "JwtTokenDetector"
    },
    {
      "name": "KeywordDetector",
      "keyword_exclude": ""
    },
    {
      "name": "MailchimpDetector"
    },
    {
      "name": "NpmDetector"
    },
    {
      "name": "OpenAIDetector"
    },
    {
      "name": "PrivateKeyDetector"
    },
    {
      "name": "PypiTokenDetector"
    },
    {
      "name": "SendGridDetector"
    },
    {
      "name": "SlackDetector"
    },
    {
      "name": "SoftlayerDetector"
    },
    {
      "name": "SquareOAuthDetector"
    },
    {
      "name": "StripeDetector"
    },
    {
      "name": "TelegramBotTokenDetector"
    },
    {
      "name": "TwilioKeyDetector"
    }
  ],
  "filters_used": [
    {
      "path": "detect_secrets.filters.allowlist.is_line_allowlisted"
    },
    {
      "path": "detect_secrets.filters.common.is_baseline_file",
      "filename": ".secrets.baseline"
    },
    {
      "path": "detect_secrets.filters.common.is_ignored_due_to_verification_policies",
      "min_level": 2
    },
    {
      "path": "detect_secrets.filters.heuristic.is_indirect_reference"
    },
    {
      "path": "detect_secrets.filters.heuristic.is_likely_id_string"
    },
    {
      "path": "detect_secrets.filters.heuristic.is_lock_file"
    },
    {
      "path": "detect_secrets.filters.heuristic.is_not_alphanumeric_string"
    },
    {
      "path": "detect_secrets.filters.heuristic.is_potential_uuid"
    },
    {
      "path": "detect_secrets.filters.heuristic.is_prefixed_with_dollar_sign"
    },
    {
      "path": "detect_secrets.filters.heuristic.is_sequential_string"
    },
    {
      "path": "detect_secrets.filters.heuristic.is_swagger_file"
    },
    {
      "path": "detect_secrets.filters.heuristic.is_templated_secret"
    },
    {
      "path": "detect_secrets.filters.regex.should_exclude_file",
      "pattern": [
        "docs/specs/downstream-validation/perf-thresholds\\.json"
      ]
    }
  ],
  "results": {
    ".help/templates/expander/troubleshooting.md": [
      {
        "type": "Secret Keyword",
        "filename": ".help/templates/expander/troubleshooting.md",
        "hashed_secret": "c7a8c334eef5d1749fface7d42c66f9ae5e8cf36",
        "is_verified": false,
        "line_number": 94
      }
    ],
    ".help/templates/providers/troubleshooting.md": [
      {
        "type": "Secret Keyword",
        "filename": ".help/templates/providers/troubleshooting.md",
        "hashed_secret": "c7a8c334eef5d1749fface7d42c66f9ae5e8cf36",
        "is_verified": false,
        "line_number": 97
      }
    ],
    ".help/templates/reranker/quickstart.md": [
      {
        "type": "Secret Keyword",
        "filename": ".help/templates/reranker/quickstart.md",
        "hashed_secret": "55acb8c58b388b08d5a7010cfcf9b269da828b7b",
        "is_verified": false,
        "line_number": 41
      }
    ],
    ".help/templates/reranker/troubleshooting.md": [
      {
        "type": "Secret Keyword",
        "filename": ".help/templates/reranker/troubleshooting.md",
        "hashed_secret": "c7a8c334eef5d1749fface7d42c66f9ae5e8cf36",
        "is_verified": false,
        "line_number": 86
      }
    ],
    "docs/specs/downstream-validation/security-findings.md": [
      {
        "type": "Base64 High Entropy String",
        "filename": "docs/specs/downstream-validation/security-findings.md",
        "hashed_secret": "6cec12b1a639289d9c59aa4d5bd1ca0a9795c06a",
        "is_verified": false,
        "line_number": 108
      }
    ],
    "docs/specs/release-quality-baseline/thresholds.json": [
      {
        "type": "Hex High Entropy String",
        "filename": "docs/specs/release-quality-baseline/thresholds.json",
        "hashed_secret": "d37e51a2c5bdcb33765599eeb77f570c3e35c654",
        "is_verified": false,
        "line_number": 2
      },
      {
        "type": "Hex High Entropy String",
        "filename": "docs/specs/release-quality-baseline/thresholds.json",
        "hashed_secret": "0cf8a8ea905d6aaa2c6aabfaca11df76ebf17138",
        "is_verified": false,
        "line_number": 22
      }
    ],
    "scripts/security_scan.py": [
      {
        "type": "Secret Keyword",
        "filename": "scripts/security_scan.py",
        "hashed_secret": "627bb648dc8137218851576b43a174f2f23e7450",
        "is_verified": false,
        "line_number": 503
      }
    ],
    "src/attune_rag/dashboard/templates/dashboard.html": [
      {
        "type": "Base64 High Entropy String",
        "filename": "src/attune_rag/dashboard/templates/dashboard.html",
        "hashed_secret": "6cec12b1a639289d9c59aa4d5bd1ca0a9795c06a",
        "is_verified": false,
        "line_number": 8
      }
    ],
    "tests/unit/providers/test_dispatch.py": [
      {
        "type": "Secret Keyword",
        "filename": "tests/unit/providers/test_dispatch.py",
        "hashed_secret": "c053ecf9ed41df0311b9df13cc6c3b6078d2d3c2",
        "is_verified": false,
        "line_number": 26
      }
    ],
    "tests/unit/test_check_thresholds.py": [
      {
        "type": "Hex High Entropy String",
        "filename": "tests/unit/test_check_thresholds.py",
        "hashed_secret": "0cf8a8ea905d6aaa2c6aabfaca11df76ebf17138",
        "is_verified": false,
        "line_number": 33
      }
    ],
    "tests/unit/test_security_scan.py": [
      {
        "type": "Base64 High Entropy String",
        "filename": "tests/unit/test_security_scan.py",
        "hashed_secret": "80b6156fe773dc6054d1ee4537c4cbe941962959",
        "is_verified": false,
        "line_number": 142
      },
      {
        "type": "Secret Keyword",
        "filename": "tests/unit/test_security_scan.py",
        "hashed_secret": "80b6156fe773dc6054d1ee4537c4cbe941962959",
        "is_verified": false,
        "line_number": 142
      },
      {
        "type": "Base64 High Entropy String",
        "filename": "tests/unit/test_security_scan.py",
        "hashed_secret": "078553dc10635837abb80f404302c70cba91b879",
        "is_verified": false,
        "line_number": 148
      },
      {
        "type": "GitHub Token",
        "filename": "tests/unit/test_security_scan.py",
        "hashed_secret": "e175c6f5f2a92e8623bd9a4820edb4e8c1b0fd10",
        "is_verified": false,
        "line_number": 148
      },
      {
        "type": "AWS Access Key",
        "filename": "tests/unit/test_security_scan.py",
        "hashed_secret": "25910f981e85ca04baf359199dd0bd4a3ae738b6",
        "is_verified": false,
        "line_number": 154
      },
      {
        "type": "Secret Keyword",
        "filename": "tests/unit/test_security_scan.py",
        "hashed_secret": "eadceda0754ac2947b76c2264c30bf6ea91cf1e7",
        "is_verified": false,
        "line_number": 160
      },
      {
        "type": "Secret Keyword",
        "filename": "tests/unit/test_security_scan.py",
        "hashed_secret": "cf4a956e75901c220c0f5fbaec41987fc6177345",
        "is_verified": false,
        "line_number": 168
      },
      {
        "type": "Secret Keyword",
        "filename": "tests/unit/test_security_scan.py",
        "hashed_secret": "df660efac6b2bd04e508736976dc9bbded0c85ef",
        "is_verified": false,
        "line_number": 185
      }
    ],
    "docs/specs/release-artifact-reliability/receipts/release-1.2.1-distribution.json": [
      {
        "type": "Hex High Entropy String",
        "filename": "docs/specs/release-artifact-reliability/receipts/release-1.2.1-distribution.json",
        "hashed_secret": "a34791d955943a0716d4029224bf87137920780f",
        "is_verified": false,
        "line_number": 4,
        "is_secret": false
      },
      {
        "type": "Hex High Entropy String",
        "filename": "docs/specs/release-artifact-reliability/receipts/release-1.2.1-distribution.json",
        "hashed_secret": "f47530fffb6d177b9a3aeacfdfa200c383aa9e26",
        "is_verified": false,
        "line_number": 6,
        "is_secret": false
      },
      {
        "type": "Hex High Entropy String",
        "filename": "docs/specs/release-artifact-reliability/receipts/release-1.2.1-distribution.json",
        "hashed_secret": "f9dda164a5c0e33f7d74988c52cc85d11a193431",
        "is_verified": false,
        "line_number": 9,
        "is_secret": false
      },
      {
        "type": "Hex High Entropy String",
        "filename": "docs/specs/release-artifact-reliability/receipts/release-1.2.1-distribution.json",
        "hashed_secret": "f3154b43f736401069703f4cbdae8666d480142a",
        "is_verified": false,
        "line_number": 10,
        "is_secret": false
      },
      {
        "type": "Hex High Entropy String",
        "filename": "docs/specs/release-artifact-reliability/receipts/release-1.2.1-distribution.json",
        "hashed_secret": "e321c5856dcc1fa5b612beb2af7fef128167fc9d",
        "is_verified": false,
        "line_number": 11,
        "is_secret": false
      },
      {
        "type": "Hex High Entropy String",
        "filename": "docs/specs/release-artifact-reliability/receipts/release-1.2.1-distribution.json",
        "hashed_secret": "042698473fc0cf2c585a0a82803deadf0b773019",
        "is_verified": false,
        "line_number": 12,
        "is_secret": false
      },
      {
        "type": "Hex High Entropy String",
        "filename": "docs/specs/release-artifact-reliability/receipts/release-1.2.1-distribution.json",
        "hashed_secret": "f895608ebb25c01bd74287ff642318b4a2ab1d90",
        "is_verified": false,
        "line_number": 13,
        "is_secret": false
      },
      {
        "type": "Hex High Entropy String",
        "filename": "docs/specs/release-artifact-reliability/receipts/release-1.2.1-distribution.json",
        "hashed_secret": "4317a84c089c796f329724fddde612378bb31524",
        "is_verified": false,
        "line_number": 14,
        "is_secret": false
      },
      {
        "type": "Hex High Entropy String",
        "filename": "docs/specs/release-artifact-reliability/receipts/release-1.2.1-distribution.json",
        "hashed_secret": "79aeecc0411f272da4bc52569b78a775c03d3fca",
        "is_verified": false,
        "line_number": 15,
        "is_secret": false
      },
      {
        "type": "Hex High Entropy String",
        "filename": "docs/specs/release-artifact-reliability/receipts/release-1.2.1-distribution.json",
        "hashed_secret": "9307d42fb0f9677d3118542510efb5ad86b7a606",
        "is_verified": false,
        "line_number": 16,
        "is_secret": false
      },
      {
        "type": "Hex High Entropy String",
        "filename": "docs/specs/release-artifact-reliability/receipts/release-1.2.1-distribution.json",
        "hashed_secret": "9e60ded9057172a7469098c2de25d260801fba79",
        "is_verified": false,
        "line_number": 17,
        "is_secret": false
      },
      {
        "type": "Hex High Entropy String",
        "filename": "docs/specs/release-artifact-reliability/receipts/release-1.2.1-distribution.json",
        "hashed_secret": "05c710efcda673e621c3d26fc00dca5031354a5d",
        "is_verified": false,
        "line_number": 18,
        "is_secret": false
      },
      {
        "type": "Hex High Entropy String",
        "filename": "docs/specs/release-artifact-reliability/receipts/release-1.2.1-distribution.json",
        "hashed_secret": "50419084f91358da8e0e5e62f65f7253970b946f",
        "is_verified": false,
        "line_number": 19,
        "is_secret": false
      },
      {
        "type": "Hex High Entropy String",
        "filename": "docs/specs/release-artifact-reliability/receipts/release-1.2.1-distribution.json",
        "hashed_secret": "b58de5b9bcf5dd9156aeb08ffa6443d97ad901f1",
        "is_verified": false,
        "line_number": 20,
        "is_secret": false
      },
      {
        "type": "Hex High Entropy String",
        "filename": "docs/specs/release-artifact-reliability/receipts/release-1.2.1-distribution.json",
        "hashed_secret": "fe88349ccfa36748393f4b266a5402bcd198d7a2",
        "is_verified": false,
        "line_number": 21,
        "is_secret": false
      },
      {
        "type": "Hex High Entropy String",
        "filename": "docs/specs/release-artifact-reliability/receipts/release-1.2.1-distribution.json",
        "hashed_secret": "d61713c61ba70195c08a3221164350fc12f5f26d",
        "is_verified": false,
        "line_number": 22,
        "is_secret": false
      },
      {
        "type": "Hex High Entropy String",
        "filename": "docs/specs/release-artifact-reliability/receipts/release-1.2.1-distribution.json",
        "hashed_secret": "682895939736493afdf0db62f34fbe2dbdf41e54",
        "is_verified": false,
        "line_number": 23,
        "is_secret": false
      },
      {
        "type": "Hex High Entropy String",
        "filename": "docs/specs/release-artifact-reliability/receipts/release-1.2.1-distribution.json",
        "hashed_secret": "baf0317f6f823a126ada4b37d43ba9680f2a2178",
        "is_verified": false,
        "line_number": 24,
        "is_secret": false
      },
      {
        "type": "Hex High Entropy String",
        "filename": "docs/specs/release-artifact-reliability/receipts/release-1.2.1-distribution.json",
        "hashed_secret": "567e095bc4406925cd59fbfed434c5667a2d6c5f",
        "is_verified": false,
        "line_number": 25,
        "is_secret": false
      },
      {
        "type": "Hex High Entropy String",
        "filename": "docs/specs/release-artifact-reliability/receipts/release-1.2.1-distribution.json",
        "hashed_secret": "730f4c2f983ff08ce27080257417878d00d0a798",
        "is_verified": false,
        "line_number": 26,
        "is_secret": false
      },
      {
        "type": "Hex High Entropy String",
        "filename": "docs/specs/release-artifact-reliability/receipts/release-1.2.1-distribution.json",
        "hashed_secret": "19e5a058d82e68b8496b8eeb536ce4e330550e4b",
        "is_verified": false,
        "line_number": 27,
        "is_secret": false
      },
      {
        "type": "Hex High Entropy String",
        "filename": "docs/specs/release-artifact-reliability/receipts/release-1.2.1-distribution.json",
        "hashed_secret": "fc98c378993cc45cdc48abe08fe4b9e3ae4430c3",
        "is_verified": false,
        "line_number": 28,
        "is_secret": false
      },
      {
        "type": "Hex High Entropy String",
        "filename": "docs/specs/release-artifact-reliability/receipts/release-1.2.1-distribution.json",
        "hashed_secret": "a806227fc78ef3b913ebfb12e52abbcdece23334",
        "is_verified": false,
        "line_number": 29,
        "is_secret": false
      },
      {
        "type": "Hex High Entropy String",
        "filename": "docs/specs/release-artifact-reliability/receipts/release-1.2.1-distribution.json",
        "hashed_secret": "04cb596f196c067fe7d17488087f05dabb9d89f3",
        "is_verified": false,
        "line_number": 30,
        "is_secret": false
      },
      {
        "type": "Hex High Entropy String",
        "filename": "docs/specs/release-artifact-reliability/receipts/release-1.2.1-distribution.json",
        "hashed_secret": "5ffa5d4c25992c24c39719aed78a01dd2e759b0f",
        "is_verified": false,
        "line_number": 31,
        "is_secret": false
      },
      {
        "type": "Hex High Entropy String",
        "filename": "docs/specs/release-artifact-reliability/receipts/release-1.2.1-distribution.json",
        "hashed_secret": "603485eb5f7ce91d61848339e88cb9417ce48689",
        "is_verified": false,
        "line_number": 32,
        "is_secret": false
      },
      {
        "type": "Hex High Entropy String",
        "filename": "docs/specs/release-artifact-reliability/receipts/release-1.2.1-distribution.json",
        "hashed_secret": "eb6f37ce87d29050cfb059f83c3783e2f873298d",
        "is_verified": false,
        "line_number": 33,
        "is_secret": false
      },
      {
        "type": "Hex High Entropy String",
        "filename": "docs/specs/release-artifact-reliability/receipts/release-1.2.1-distribution.json",
        "hashed_secret": "533ae013e17084d8bbed9a13420aecabd6215ca3",
        "is_verified": false,
        "line_number": 34,
        "is_secret": false
      },
      {
        "type": "Hex High Entropy String",
        "filename": "docs/specs/release-artifact-reliability/receipts/release-1.2.1-distribution.json",
        "hashed_secret": "99f74404cec887f63aec25de20b271d4ba2092a9",
        "is_verified": false,
        "line_number": 35,
        "is_secret": false
      },
      {
        "type": "Hex High Entropy String",
        "filename": "docs/specs/release-artifact-reliability/receipts/release-1.2.1-distribution.json",
        "hashed_secret": "2586800bfd516eddd537cb56051eb67c5bb85749",
        "is_verified": false,
        "line_number": 36,
        "is_secret": false
      },
      {
        "type": "Hex High Entropy String",
        "filename": "docs/specs/release-artifact-reliability/receipts/release-1.2.1-distribution.json",
        "hashed_secret": "153999a99a59d54ad02c72a6ebf346492aebebe0",
        "is_verified": false,
        "line_number": 37,
        "is_secret": false
      },
      {
        "type": "Hex High Entropy String",
        "filename": "docs/specs/release-artifact-reliability/receipts/release-1.2.1-distribution.json",
        "hashed_secret": "8321b118ff73ed74ef225082724d330492d6c6ea",
        "is_verified": false,
        "line_number": 38,
        "is_secret": false
      },
      {
        "type": "Hex High Entropy String",
        "filename": "docs/specs/release-artifact-reliability/receipts/release-1.2.1-distribution.json",
        "hashed_secret": "ecb507ef9bb3bf0dc1ea31750d681c7b7f4b7f51",
        "is_verified": false,
        "line_number": 39,
        "is_secret": false
      },
      {
        "type": "Hex High Entropy String",
        "filename": "docs/specs/release-artifact-reliability/receipts/release-1.2.1-distribution.json",
        "hashed_secret": "0683da7e94ef156bc311ee8acc39208330e97ea0",
        "is_verified": false,
        "line_number": 40,
        "is_secret": false
      },
      {
        "type": "Hex High Entropy String",
        "filename": "docs/specs/release-artifact-reliability/receipts/release-1.2.1-distribution.json",
        "hashed_secret": "52be45ae9db92cb3402701d671001873aaa46a60",
        "is_verified": false,
        "line_number": 41,
        "is_secret": false
      },
      {
        "type": "Hex High Entropy String",
        "filename": "docs/specs/release-artifact-reliability/receipts/release-1.2.1-distribution.json",
        "hashed_secret": "ed312bb1b636e4187a2cfdafe522e3f541ee96b1",
        "is_verified": false,
        "line_number": 42,
        "is_secret": false
      },
      {
        "type": "Hex High Entropy String",
        "filename": "docs/specs/release-artifact-reliability/receipts/release-1.2.1-distribution.json",
        "hashed_secret": "2addbbd23aa50c2b85cbd609212c1c09c88905d0",
        "is_verified": false,
        "line_number": 43,
        "is_secret": false
      },
      {
        "type": "Hex High Entropy String",
        "filename": "docs/specs/release-artifact-reliability/receipts/release-1.2.1-distribution.json",
        "hashed_secret": "0b8590f1d742a0b4d11cbb67c30ecd2a3d382ac4",
        "is_verified": false,
        "line_number": 44,
        "is_secret": false
      },
      {
        "type": "Hex High Entropy String",
        "filename": "docs/specs/release-artifact-reliability/receipts/release-1.2.1-distribution.json",
        "hashed_secret": "5126e53db612153c4f3e3b653fdd4ad57d67dd2d",
        "is_verified": false,
        "line_number": 45,
        "is_secret": false
      },
      {
        "type": "Hex High Entropy String",
        "filename": "docs/specs/release-artifact-reliability/receipts/release-1.2.1-distribution.json",
        "hashed_secret": "205ff0179ff917f2479e52fe3861ebe62b2f2113",
        "is_verified": false,
        "line_number": 46,
        "is_secret": false
      },
      {
        "type": "Hex High Entropy String",
        "filename": "docs/specs/release-artifact-reliability/receipts/release-1.2.1-distribution.json",
        "hashed_secret": "53ec05e986f962dd124fb242cde67126bdb20ac2",
        "is_verified": false,
        "line_number": 47,
        "is_secret": false
      },
      {
        "type": "Hex High Entropy String",
        "filename": "docs/specs/release-artifact-reliability/receipts/release-1.2.1-distribution.json",
        "hashed_secret": "6a4200fd2f60c85f56572d7521dc3c0210c5435f",
        "is_verified": false,
        "line_number": 48,
        "is_secret": false
      },
      {
        "type": "Hex High Entropy String",
        "filename": "docs/specs/release-artifact-reliability/receipts/release-1.2.1-distribution.json",
        "hashed_secret": "b0a12d63b3cf41c80df2edc508ef8e556449ba2b",
        "is_verified": false,
        "line_number": 49,
        "is_secret": false
      },
      {
        "type": "Hex High Entropy String",
        "filename": "docs/specs/release-artifact-reliability/receipts/release-1.2.1-distribution.json",
        "hashed_secret": "244f421f896bdcdd2784dccf4eaf7c8dfd5189b5",
        "is_verified": false,
        "line_number": 50,
        "is_secret": false
      },
      {
        "type": "Hex High Entropy String",
        "filename": "docs/specs/release-artifact-reliability/receipts/release-1.2.1-distribution.json",
        "hashed_secret": "acf80fa518b4ad00cbb871559f6cc47687374bd8",
        "is_verified": false,
        "line_number": 51,
        "is_secret": false
      },
      {
        "type": "Hex High Entropy String",
        "filename": "docs/specs/release-artifact-reliability/receipts/release-1.2.1-distribution.json",
        "hashed_secret": "799580409e41df613ab7f45431bb65fb9edfb113",
        "is_verified": false,
        "line_number": 52,
        "is_secret": false
      },
      {
        "type": "Hex High Entropy String",
        "filename": "docs/specs/release-artifact-reliability/receipts/release-1.2.1-distribution.json",
        "hashed_secret": "211129792facbf26c2cbf9fb25ef9e5466698fb3",
        "is_verified": false,
        "line_number": 53,
        "is_secret": false
      },
      {
        "type": "Hex High Entropy String",
        "filename": "docs/specs/release-artifact-reliability/receipts/release-1.2.1-distribution.json",
        "hashed_secret": "4b65fa8bc04b6d472dd9938812f3e7af854daaeb",
        "is_verified": false,
        "line_number": 58,
        "is_secret": false
      },
      {
        "type": "Hex High Entropy String",
        "filename": "docs/specs/release-artifact-reliability/receipts/release-1.2.1-distribution.json",
        "hashed_secret": "89e4cc09efd03b66fc7f8360b212e83cdb728769",
        "is_verified": false,
        "line_number": 62,
        "is_secret": false
      },
      {
        "type": "Hex High Entropy String",
        "filename": "docs/specs/release-artifact-reliability/receipts/release-1.2.1-distribution.json",
        "hashed_secret": "0cf8a8ea905d6aaa2c6aabfaca11df76ebf17138",
        "is_verified": false,
        "line_number": 189,
        "is_secret": false
      }
    ],
    "docs/specs/release-artifact-reliability/receipts/release-1.2.1-local.json": [
      {
        "type": "Hex High Entropy String",
        "filename": "docs/specs/release-artifact-reliability/receipts/release-1.2.1-local.json",
        "hashed_secret": "a34791d955943a0716d4029224bf87137920780f",
        "is_verified": false,
        "line_number": 4,
        "is_secret": false
      },
      {
        "type": "Hex High Entropy String",
        "filename": "docs/specs/release-artifact-reliability/receipts/release-1.2.1-local.json",
        "hashed_secret": "4b65fa8bc04b6d472dd9938812f3e7af854daaeb",
        "is_verified": false,
        "line_number": 16,
        "is_secret": false
      },
      {
        "type": "Hex High Entropy String",
        "filename": "docs/specs/release-artifact-reliability/receipts/release-1.2.1-local.json",
        "hashed_secret": "89e4cc09efd03b66fc7f8360b212e83cdb728769",
        "is_verified": false,
        "line_number": 17,
        "is_secret": false
      }
    ],
    "docs/specs/release-artifact-reliability/receipts/release-1.2.1-negative-controls.json": [
      {
        "type": "Hex High Entropy String",
        "filename": "docs/specs/release-artifact-reliability/receipts/release-1.2.1-negative-controls.json",
        "hashed_secret": "4b65fa8bc04b6d472dd9938812f3e7af854daaeb",
        "is_verified": false,
        "line_number": 4,
        "is_secret": false
      },
      {
        "type": "Hex High Entropy String",
        "filename": "docs/specs/release-artifact-reliability/receipts/release-1.2.1-negative-controls.json",
        "hashed_secret": "89e4cc09efd03b66fc7f8360b212e83cdb728769",
        "is_verified": false,
        "line_number": 5,
        "is_secret": false
      },
      {
        "type": "Hex High Entropy String",
        "filename": "docs/specs/release-artifact-reliability/receipts/release-1.2.1-negative-controls.json",
        "hashed_secret": "06a95dd5239dace15dff80daa007378dec56641f",
        "is_verified": false,
        "line_number": 29,
        "is_secret": false
      }
    ],
    "docs/specs/release-artifact-reliability/receipts/task-1-build.json": [
      {
        "type": "Hex High Entropy String",
        "filename": "docs/specs/release-artifact-reliability/receipts/task-1-build.json",
        "hashed_secret": "c0e1d93471a4556694f9e98cb906f032fa0bd242",
        "is_verified": false,
        "line_number": 4,
        "is_secret": false
      },
      {
        "type": "Hex High Entropy String",
        "filename": "docs/specs/release-artifact-reliability/receipts/task-1-build.json",
        "hashed_secret": "7d944c6da0b51c84800dbd258ea5aff8b983173c",
        "is_verified": false,
        "line_number": 6,
        "is_secret": false
      },
      {
        "type": "Hex High Entropy String",
        "filename": "docs/specs/release-artifact-reliability/receipts/task-1-build.json",
        "hashed_secret": "244f421f896bdcdd2784dccf4eaf7c8dfd5189b5",
        "is_verified": false,
        "line_number": 9,
        "is_secret": false
      },
      {
        "type": "Hex High Entropy String",
        "filename": "docs/specs/release-artifact-reliability/receipts/task-1-build.json",
        "hashed_secret": "fe88349ccfa36748393f4b266a5402bcd198d7a2",
        "is_verified": false,
        "line_number": 10,
        "is_secret": false
      },
      {
        "type": "Hex High Entropy String",
        "filename": "docs/specs/release-artifact-reliability/receipts/task-1-build.json",
        "hashed_secret": "9307d42fb0f9677d3118542510efb5ad86b7a606",
        "is_verified": false,
        "line_number": 11,
        "is_secret": false
      },
      {
        "type": "Hex High Entropy String",
        "filename": "docs/specs/release-artifact-reliability/receipts/task-1-build.json",
        "hashed_secret": "533ae013e17084d8bbed9a13420aecabd6215ca3",
        "is_verified": false,
        "line_number": 12,
        "is_secret": false
      },
      {
        "type": "Hex High Entropy String",
        "filename": "docs/specs/release-artifact-reliability/receipts/task-1-build.json",
        "hashed_secret": "730f4c2f983ff08ce27080257417878d00d0a798",
        "is_verified": false,
        "line_number": 13,
        "is_secret": false
      },
      {
        "type": "Hex High Entropy String",
        "filename": "docs/specs/release-artifact-reliability/receipts/task-1-build.json",
        "hashed_secret": "5f839e510f018e35a1021ab1dd338dd1e5f2e5e9",
        "is_verified": false,
        "line_number": 18,
        "is_secret": false
      },
      {
        "type": "Hex High Entropy String",
        "filename": "docs/specs/release-artifact-reliability/receipts/task-1-build.json",
        "hashed_secret": "322bf3ff9bddfb9c6e32c3fc56ec25aa724e4021",
        "is_verified": false,
        "line_number": 22,
        "is_secret": false
      },
      {
        "type": "Hex High Entropy String",
        "filename": "docs/specs/release-artifact-reliability/receipts/task-1-build.json",
        "hashed_secret": "0cf8a8ea905d6aaa2c6aabfaca11df76ebf17138",
        "is_verified": false,
        "line_number": 148,
        "is_secret": false
      }
    ],
    "docs/specs/release-artifact-reliability/receipts/task-1-distribution.json": [
      {
        "type": "Hex High Entropy String",
        "filename": "docs/specs/release-artifact-reliability/receipts/task-1-distribution.json",
        "hashed_secret": "c0e1d93471a4556694f9e98cb906f032fa0bd242",
        "is_verified": false,
        "line_number": 4,
        "is_secret": false
      },
      {
        "type": "Hex High Entropy String",
        "filename": "docs/specs/release-artifact-reliability/receipts/task-1-distribution.json",
        "hashed_secret": "7d944c6da0b51c84800dbd258ea5aff8b983173c",
        "is_verified": false,
        "line_number": 6,
        "is_secret": false
      },
      {
        "type": "Hex High Entropy String",
        "filename": "docs/specs/release-artifact-reliability/receipts/task-1-distribution.json",
        "hashed_secret": "02687a2c6fbb0d725579aa427fda5179595ac0f6",
        "is_verified": false,
        "line_number": 9,
        "is_secret": false
      },
      {
        "type": "Hex High Entropy String",
        "filename": "docs/specs/release-artifact-reliability/receipts/task-1-distribution.json",
        "hashed_secret": "f3154b43f736401069703f4cbdae8666d480142a",
        "is_verified": false,
        "line_number": 10,
        "is_secret": false
      },
      {
        "type": "Hex High Entropy String",
        "filename": "docs/specs/release-artifact-reliability/receipts/task-1-distribution.json",
        "hashed_secret": "e321c5856dcc1fa5b612beb2af7fef128167fc9d",
        "is_verified": false,
        "line_number": 11,
        "is_secret": false
      },
      {
        "type": "Hex High Entropy String",
        "filename": "docs/specs/release-artifact-reliability/receipts/task-1-distribution.json",
        "hashed_secret": "747a80699a6baa72ebf526d3e5a2c671852a2cfd",
        "is_verified": false,
        "line_number": 12,
        "is_secret": false
      },
      {
        "type": "Hex High Entropy String",
        "filename": "docs/specs/release-artifact-reliability/receipts/task-1-distribution.json",
        "hashed_secret": "f895608ebb25c01bd74287ff642318b4a2ab1d90",
        "is_verified": false,
        "line_number": 13,
        "is_secret": false
      },
      {
        "type": "Hex High Entropy String",
        "filename": "docs/specs/release-artifact-reliability/receipts/task-1-distribution.json",
        "hashed_secret": "4317a84c089c796f329724fddde612378bb31524",
        "is_verified": false,
        "line_number": 14,
        "is_secret": false
      },
      {
        "type": "Hex High Entropy String",
        "filename": "docs/specs/release-artifact-reliability/receipts/task-1-distribution.json",
        "hashed_secret": "79aeecc0411f272da4bc52569b78a775c03d3fca",
        "is_verified": false,
        "line_number": 15,
        "is_secret": false
      },
      {
        "type": "Hex High Entropy String",
        "filename": "docs/specs/release-artifact-reliability/receipts/task-1-distribution.json",
        "hashed_secret": "9307d42fb0f9677d3118542510efb5ad86b7a606",
        "is_verified": false,
        "line_number": 16,
        "is_secret": false
      },
      {
        "type": "Hex High Entropy String",
        "filename": "docs/specs/release-artifact-reliability/receipts/task-1-distribution.json",
        "hashed_secret": "9e60ded9057172a7469098c2de25d260801fba79",
        "is_verified": false,
        "line_number": 17,
        "is_secret": false
      },
      {
        "type": "Hex High Entropy String",
        "filename": "docs/specs/release-artifact-reliability/receipts/task-1-distribution.json",
        "hashed_secret": "05c710efcda673e621c3d26fc00dca5031354a5d",
        "is_verified": false,
        "line_number": 18,
        "is_secret": false
      },
      {
        "type": "Hex High Entropy String",
        "filename": "docs/specs/release-artifact-reliability/receipts/task-1-distribution.json",
        "hashed_secret": "50419084f91358da8e0e5e62f65f7253970b946f",
        "is_verified": false,
        "line_number": 19,
        "is_secret": false
      },
      {
        "type": "Hex High Entropy String",
        "filename": "docs/specs/release-artifact-reliability/receipts/task-1-distribution.json",
        "hashed_secret": "b58de5b9bcf5dd9156aeb08ffa6443d97ad901f1",
        "is_verified": false,
        "line_number": 20,
        "is_secret": false
      },
      {
        "type": "Hex High Entropy String",
        "filename": "docs/specs/release-artifact-reliability/receipts/task-1-distribution.json",
        "hashed_secret": "fe88349ccfa36748393f4b266a5402bcd198d7a2",
        "is_verified": false,
        "line_number": 21,
        "is_secret": false
      },
      {
        "type": "Hex High Entropy String",
        "filename": "docs/specs/release-artifact-reliability/receipts/task-1-distribution.json",
        "hashed_secret": "d61713c61ba70195c08a3221164350fc12f5f26d",
        "is_verified": false,
        "line_number": 22,
        "is_secret": false
      },
      {
        "type": "Hex High Entropy String",
        "filename": "docs/specs/release-artifact-reliability/receipts/task-1-distribution.json",
        "hashed_secret": "682895939736493afdf0db62f34fbe2dbdf41e54",
        "is_verified": false,
        "line_number": 23,
        "is_secret": false
      },
      {
        "type": "Hex High Entropy String",
        "filename": "docs/specs/release-artifact-reliability/receipts/task-1-distribution.json",
        "hashed_secret": "baf0317f6f823a126ada4b37d43ba9680f2a2178",
        "is_verified": false,
        "line_number": 24,
        "is_secret": false
      },
      {
        "type": "Hex High Entropy String",
        "filename": "docs/specs/release-artifact-reliability/receipts/task-1-distribution.json",
        "hashed_secret": "567e095bc4406925cd59fbfed434c5667a2d6c5f",
        "is_verified": false,
        "line_number": 25,
        "is_secret": false
      },
      {
        "type": "Hex High Entropy String",
        "filename": "docs/specs/release-artifact-reliability/receipts/task-1-distribution.json",
        "hashed_secret": "730f4c2f983ff08ce27080257417878d00d0a798",
        "is_verified": false,
        "line_number": 26,
        "is_secret": false
      },
      {
        "type": "Hex High Entropy String",
        "filename": "docs/specs/release-artifact-reliability/receipts/task-1-distribution.json",
        "hashed_secret": "19e5a058d82e68b8496b8eeb536ce4e330550e4b",
        "is_verified": false,
        "line_number": 27,
        "is_secret": false
      },
      {
        "type": "Hex High Entropy String",
        "filename": "docs/specs/release-artifact-reliability/receipts/task-1-distribution.json",
        "hashed_secret": "fc98c378993cc45cdc48abe08fe4b9e3ae4430c3",
        "is_verified": false,
        "line_number": 28,
        "is_secret": false
      },
      {
        "type": "Hex High Entropy String",
        "filename": "docs/specs/release-artifact-reliability/receipts/task-1-distribution.json",
        "hashed_secret": "a806227fc78ef3b913ebfb12e52abbcdece23334",
        "is_verified": false,
        "line_number": 29,
        "is_secret": false
      },
      {
        "type": "Hex High Entropy String",
        "filename": "docs/specs/release-artifact-reliability/receipts/task-1-distribution.json",
        "hashed_secret": "04cb596f196c067fe7d17488087f05dabb9d89f3",
        "is_verified": false,
        "line_number": 30,
        "is_secret": false
      },
      {
        "type": "Hex High Entropy String",
        "filename": "docs/specs/release-artifact-reliability/receipts/task-1-distribution.json",
        "hashed_secret": "5ffa5d4c25992c24c39719aed78a01dd2e759b0f",
        "is_verified": false,
        "line_number": 31,
        "is_secret": false
      },
      {
        "type": "Hex High Entropy String",
        "filename": "docs/specs/release-artifact-reliability/receipts/task-1-distribution.json",
        "hashed_secret": "603485eb5f7ce91d61848339e88cb9417ce48689",
        "is_verified": false,
        "line_number": 32,
        "is_secret": false
      },
      {
        "type": "Hex High Entropy String",
        "filename": "docs/specs/release-artifact-reliability/receipts/task-1-distribution.json",
        "hashed_secret": "eb6f37ce87d29050cfb059f83c3783e2f873298d",
        "is_verified": false,
        "line_number": 33,
        "is_secret": false
      },
      {
        "type": "Hex High Entropy String",
        "filename": "docs/specs/release-artifact-reliability/receipts/task-1-distribution.json",
        "hashed_secret": "533ae013e17084d8bbed9a13420aecabd6215ca3",
        "is_verified": false,
        "line_number": 34,
        "is_secret": false
      },
      {
        "type": "Hex High Entropy String",
        "filename": "docs/specs/release-artifact-reliability/receipts/task-1-distribution.json",
        "hashed_secret": "99f74404cec887f63aec25de20b271d4ba2092a9",
        "is_verified": false,
        "line_number": 35,
        "is_secret": false
      },
      {
        "type": "Hex High Entropy String",
        "filename": "docs/specs/release-artifact-reliability/receipts/task-1-distribution.json",
        "hashed_secret": "2586800bfd516eddd537cb56051eb67c5bb85749",
        "is_verified": false,
        "line_number": 36,
        "is_secret": false
      },
      {
        "type": "Hex High Entropy String",
        "filename": "docs/specs/release-artifact-reliability/receipts/task-1-distribution.json",
        "hashed_secret": "153999a99a59d54ad02c72a6ebf346492aebebe0",
        "is_verified": false,
        "line_number": 37,
        "is_secret": false
      },
      {
        "type": "Hex High Entropy String",
        "filename": "docs/specs/release-artifact-reliability/receipts/task-1-distribution.json",
        "hashed_secret": "8321b118ff73ed74ef225082724d330492d6c6ea",
        "is_verified": false,
        "line_number": 38,
        "is_secret": false
      },
      {
        "type": "Hex High Entropy String",
        "filename": "docs/specs/release-artifact-reliability/receipts/task-1-distribution.json",
        "hashed_secret": "ecb507ef9bb3bf0dc1ea31750d681c7b7f4b7f51",
        "is_verified": false,
        "line_number": 39,
        "is_secret": false
      },
      {
        "type": "Hex High Entropy String",
        "filename": "docs/specs/release-artifact-reliability/receipts/task-1-distribution.json",
        "hashed_secret": "0683da7e94ef156bc311ee8acc39208330e97ea0",
        "is_verified": false,
        "line_number": 40,
        "is_secret": false
      },
      {
        "type": "Hex High Entropy String",
        "filename": "docs/specs/release-artifact-reliability/receipts/task-1-distribution.json",
        "hashed_secret": "52be45ae9db92cb3402701d671001873aaa46a60",
        "is_verified": false,
        "line_number": 41,
        "is_secret": false
      },
      {
        "type": "Hex High Entropy String",
        "filename": "docs/specs/release-artifact-reliability/receipts/task-1-distribution.json",
        "hashed_secret": "d82f3352e7018b8b8600ae933f010f2709709444",
        "is_verified": false,
        "line_number": 42,
        "is_secret": false
      },
      {
        "type": "Hex High Entropy String",
        "filename": "docs/specs/release-artifact-reliability/receipts/task-1-distribution.json",
        "hashed_secret": "2addbbd23aa50c2b85cbd609212c1c09c88905d0",
        "is_verified": false,
        "line_number": 43,
        "is_secret": false
      },
      {
        "type": "Hex High Entropy String",
        "filename": "docs/specs/release-artifact-reliability/receipts/task-1-distribution.json",
        "hashed_secret": "0b8590f1d742a0b4d11cbb67c30ecd2a3d382ac4",
        "is_verified": false,
        "line_number": 44,
        "is_secret": false
      },
      {
        "type": "Hex High Entropy String",
        "filename": "docs/specs/release-artifact-reliability/receipts/task-1-distribution.json",
        "hashed_secret": "5126e53db612153c4f3e3b653fdd4ad57d67dd2d",
        "is_verified": false,
        "line_number": 45,
        "is_secret": false
      },
      {
        "type": "Hex High Entropy String",
        "filename": "docs/specs/release-artifact-reliability/receipts/task-1-distribution.json",
        "hashed_secret": "205ff0179ff917f2479e52fe3861ebe62b2f2113",
        "is_verified": false,
        "line_number": 46,
        "is_secret": false
      },
      {
        "type": "Hex High Entropy String",
        "filename": "docs/specs/release-artifact-reliability/receipts/task-1-distribution.json",
        "hashed_secret": "53ec05e986f962dd124fb242cde67126bdb20ac2",
        "is_verified": false,
        "line_number": 47,
        "is_secret": false
      },
      {
        "type": "Hex High Entropy String",
        "filename": "docs/specs/release-artifact-reliability/receipts/task-1-distribution.json",
        "hashed_secret": "6a4200fd2f60c85f56572d7521dc3c0210c5435f",
        "is_verified": false,
        "line_number": 48,
        "is_secret": false
      },
      {
        "type": "Hex High Entropy String",
        "filename": "docs/specs/release-artifact-reliability/receipts/task-1-distribution.json",
        "hashed_secret": "b0a12d63b3cf41c80df2edc508ef8e556449ba2b",
        "is_verified": false,
        "line_number": 49,
        "is_secret": false
      },
      {
        "type": "Hex High Entropy String",
        "filename": "docs/specs/release-artifact-reliability/receipts/task-1-distribution.json",
        "hashed_secret": "244f421f896bdcdd2784dccf4eaf7c8dfd5189b5",
        "is_verified": false,
        "line_number": 50,
        "is_secret": false
      },
      {
        "type": "Hex High Entropy String",
        "filename": "docs/specs/release-artifact-reliability/receipts/task-1-distribution.json",
        "hashed_secret": "acf80fa518b4ad00cbb871559f6cc47687374bd8",
        "is_verified": false,
        "line_number": 51,
        "is_secret": false
      },
      {
        "type": "Hex High Entropy String",
        "filename": "docs/specs/release-artifact-reliability/receipts/task-1-distribution.json",
        "hashed_secret": "799580409e41df613ab7f45431bb65fb9edfb113",
        "is_verified": false,
        "line_number": 52,
        "is_secret": false
      },
      {
        "type": "Hex High Entropy String",
        "filename": "docs/specs/release-artifact-reliability/receipts/task-1-distribution.json",
        "hashed_secret": "211129792facbf26c2cbf9fb25ef9e5466698fb3",
        "is_verified": false,
        "line_number": 53,
        "is_secret": false
      },
      {
        "type": "Hex High Entropy String",
        "filename": "docs/specs/release-artifact-reliability/receipts/task-1-distribution.json",
        "hashed_secret": "5f839e510f018e35a1021ab1dd338dd1e5f2e5e9",
        "is_verified": false,
        "line_number": 58,
        "is_secret": false
      },
      {
        "type": "Hex High Entropy String",
        "filename": "docs/specs/release-artifact-reliability/receipts/task-1-distribution.json",
        "hashed_secret": "322bf3ff9bddfb9c6e32c3fc56ec25aa724e4021",
        "is_verified": false,
        "line_number": 62,
        "is_secret": false
      },
      {
        "type": "Hex High Entropy String",
        "filename": "docs/specs/release-artifact-reliability/receipts/task-1-distribution.json",
        "hashed_secret": "0cf8a8ea905d6aaa2c6aabfaca11df76ebf17138",
        "is_verified": false,
        "line_number": 188,
        "is_secret": false
      }
    ],
    "docs/specs/release-artifact-reliability/receipts/task-1-local-review.json": [
      {
        "type": "Hex High Entropy String",
        "filename": "docs/specs/release-artifact-reliability/receipts/task-1-local-review.json",
        "hashed_secret": "f6a8891d242aec3d9132fbbac68d0f4321861f44",
        "is_verified": false,
        "line_number": 32,
        "is_secret": false
      },
      {
        "type": "Hex High Entropy String",
        "filename": "docs/specs/release-artifact-reliability/receipts/task-1-local-review.json",
        "hashed_secret": "66083bd2bc5b007fac5a279384e085509249338c",
        "is_verified": false,
        "line_number": 33,
        "is_secret": false
      },
      {
        "type": "Hex High Entropy String",
        "filename": "docs/specs/release-artifact-reliability/receipts/task-1-local-review.json",
        "hashed_secret": "44fc78712367620f846d9d47e0f8f8ea289bef13",
        "is_verified": false,
        "line_number": 34,
        "is_secret": false
      }
    ],
    "docs/specs/release-artifact-reliability/receipts/task-2-review.json": [
      {
        "type": "Hex High Entropy String",
        "filename": "docs/specs/release-artifact-reliability/receipts/task-2-review.json",
        "hashed_secret": "ba9780f8cdd91722d04783e512fc7ba35887feea",
        "is_verified": false,
        "line_number": 14,
        "is_secret": false
      },
      {
        "type": "Hex High Entropy String",
        "filename": "docs/specs/release-artifact-reliability/receipts/task-2-review.json",
        "hashed_secret": "3615d3534d27079632571ff09ab54dab0465bdf3",
        "is_verified": false,
        "line_number": 15,
        "is_secret": false
      },
      {
        "type": "Hex High Entropy String",
        "filename": "docs/specs/release-artifact-reliability/receipts/task-2-review.json",
        "hashed_secret": "1680b63529697c16d6d84ff0df16671dc6ed8be1",
        "is_verified": false,
        "line_number": 16,
        "is_secret": false
      }
    ],
    "docs/specs/release-artifact-reliability/receipts/task-3-cross-review-followup.json": [
      {
        "type": "Hex High Entropy String",
        "filename": "docs/specs/release-artifact-reliability/receipts/task-3-cross-review-followup.json",
        "hashed_secret": "58b15f100582a4b1450352e0e147a77549bd1929",
        "is_verified": false,
        "line_number": 34,
        "is_secret": false
      },
      {
        "type": "Hex High Entropy String",
        "filename": "docs/specs/release-artifact-reliability/receipts/task-3-cross-review-followup.json",
        "hashed_secret": "2ecc57aaccdfa0ee600f7d2befb421a62ba9021c",
        "is_verified": false,
        "line_number": 35,
        "is_secret": false
      },
      {
        "type": "Hex High Entropy String",
        "filename": "docs/specs/release-artifact-reliability/receipts/task-3-cross-review-followup.json",
        "hashed_secret": "d4c82d5643bbfbde4a045258362e9d5f70c374b7",
        "is_verified": false,
        "line_number": 36,
        "is_secret": false
      },
      {
        "type": "Hex High Entropy String",
        "filename": "docs/specs/release-artifact-reliability/receipts/task-3-cross-review-followup.json",
        "hashed_secret": "ac0783c9f1ae3601639429a11344f3d3ccc86685",
        "is_verified": false,
        "line_number": 37,
        "is_secret": false
      },
      {
        "type": "Hex High Entropy String",
        "filename": "docs/specs/release-artifact-reliability/receipts/task-3-cross-review-followup.json",
        "hashed_secret": "d8141d6a2e760d594bef6c90f51e94de2e43b6b5",
        "is_verified": false,
        "line_number": 40,
        "is_secret": false
      },
      {
        "type": "Hex High Entropy String",
        "filename": "docs/specs/release-artifact-reliability/receipts/task-3-cross-review-followup.json",
        "hashed_secret": "56bae64d43c8a347dab53ab76200d246e0488eaf",
        "is_verified": false,
        "line_number": 41,
        "is_secret": false
      },
      {
        "type": "Hex High Entropy String",
        "filename": "docs/specs/release-artifact-reliability/receipts/task-3-cross-review-followup.json",
        "hashed_secret": "55f94d65cd883764084c16e8011e792ce1a9b018",
        "is_verified": false,
        "line_number": 42,
        "is_secret": false
      },
      {
        "type": "Hex High Entropy String",
        "filename": "docs/specs/release-artifact-reliability/receipts/task-3-cross-review-followup.json",
        "hashed_secret": "8c3e0b9de4ced34da51826627ba58874e9f295fa",
        "is_verified": false,
        "line_number": 43,
        "is_secret": false
      },
      {
        "type": "Hex High Entropy String",
        "filename": "docs/specs/release-artifact-reliability/receipts/task-3-cross-review-followup.json",
        "hashed_secret": "d2402593d80fdbdc7e5292c69b1e231b4f61b037",
        "is_verified": false,
        "line_number": 44,
        "is_secret": false
      },
      {
        "type": "Hex High Entropy String",
        "filename": "docs/specs/release-artifact-reliability/receipts/task-3-cross-review-followup.json",
        "hashed_secret": "eedf1b292b94d105d3f1228fca1a84ab28f98cd8",
        "is_verified": false,
        "line_number": 45,
        "is_secret": false
      },
      {
        "type": "Hex High Entropy String",
        "filename": "docs/specs/release-artifact-reliability/receipts/task-3-cross-review-followup.json",
        "hashed_secret": "c02aa9684e0aec3f118022c9a1a9d27e21d756f5",
        "is_verified": false,
        "line_number": 46,
        "is_secret": false
      },
      {
        "type": "Hex High Entropy String",
        "filename": "docs/specs/release-artifact-reliability/receipts/task-3-cross-review-followup.json",
        "hashed_secret": "78322f8ccf2bf8b7b64a09d5fd87d09a71c3eb02",
        "is_verified": false,
        "line_number": 47,
        "is_secret": false
      },
      {
        "type": "Hex High Entropy String",
        "filename": "docs/specs/release-artifact-reliability/receipts/task-3-cross-review-followup.json",
        "hashed_secret": "779bc38cd8a39d2a70ac6832a294b9bb23ff1489",
        "is_verified": false,
        "line_number": 66,
        "is_secret": false
      },
      {
        "type": "Hex High Entropy String",
        "filename": "docs/specs/release-artifact-reliability/receipts/task-3-cross-review-followup.json",
        "hashed_secret": "5461dbc97aae22b5d0af235063c4efc1a3561d73",
        "is_verified": false,
        "line_number": 67,
        "is_secret": false
      },
      {
        "type": "Hex High Entropy String",
        "filename": "docs/specs/release-artifact-reliability/receipts/task-3-cross-review-followup.json",
        "hashed_secret": "cd8873e80daebf885bc1e3a165f01b540f297dc8",
        "is_verified": false,
        "line_number": 70,
        "is_secret": false
      },
      {
        "type": "Hex High Entropy String",
        "filename": "docs/specs/release-artifact-reliability/receipts/task-3-cross-review-followup.json",
        "hashed_secret": "278481ff138ce03f305e5c45286990979615e167",
        "is_verified": false,
        "line_number": 71,
        "is_secret": false
      },
      {
        "type": "Hex High Entropy String",
        "filename": "docs/specs/release-artifact-reliability/receipts/task-3-cross-review-followup.json",
        "hashed_secret": "a953253d8ed540d1eb7a6962ac263d5169dea5ce",
        "is_verified": false,
        "line_number": 72,
        "is_secret": false
      },
      {
        "type": "Hex High Entropy String",
        "filename": "docs/specs/release-artifact-reliability/receipts/task-3-cross-review-followup.json",
        "hashed_secret": "f17e87a70a553253997ffc46c42f360d7651c3d5",
        "is_verified": false,
        "line_number": 73,
        "is_secret": false
      },
      {
        "type": "Hex High Entropy String",
        "filename": "docs/specs/release-artifact-reliability/receipts/task-3-cross-review-followup.json",
        "hashed_secret": "1fa0b63cded603812370cf3fea76f1fe588d29aa",
        "is_verified": false,
        "line_number": 74,
        "is_secret": false
      }
    ],
    "docs/specs/release-artifact-reliability/receipts/task-3-cross-review-postconditions.json": [
      {
        "type": "Hex High Entropy String",
        "filename": "docs/specs/release-artifact-reliability/receipts/task-3-cross-review-postconditions.json",
        "hashed_secret": "d1043a72166a40dbd80af858d6918f75ff1b86ad",
        "is_verified": false,
        "line_number": 8,
        "is_secret": false
      },
      {
        "type": "Hex High Entropy String",
        "filename": "docs/specs/release-artifact-reliability/receipts/task-3-cross-review-postconditions.json",
        "hashed_secret": "ecc58d4973e305ec154b418d60d2123d6f0424b4",
        "is_verified": false,
        "line_number": 12,
        "is_secret": false
      },
      {
        "type": "Hex High Entropy String",
        "filename": "docs/specs/release-artifact-reliability/receipts/task-3-cross-review-postconditions.json",
        "hashed_secret": "2ce010f56d61391e5ce9c5f10870010c96058615",
        "is_verified": false,
        "line_number": 16,
        "is_secret": false
      },
      {
        "type": "Hex High Entropy String",
        "filename": "docs/specs/release-artifact-reliability/receipts/task-3-cross-review-postconditions.json",
        "hashed_secret": "afb3a635e5e35d2a0e2677e5f358a817ed0c09cb",
        "is_verified": false,
        "line_number": 20,
        "is_secret": false
      },
      {
        "type": "Hex High Entropy String",
        "filename": "docs/specs/release-artifact-reliability/receipts/task-3-cross-review-postconditions.json",
        "hashed_secret": "b3649aa2e4cdf906b89d7cd4921d51e59ba7843f",
        "is_verified": false,
        "line_number": 24,
        "is_secret": false
      },
      {
        "type": "Hex High Entropy String",
        "filename": "docs/specs/release-artifact-reliability/receipts/task-3-cross-review-postconditions.json",
        "hashed_secret": "7765e60a9741b4a0be3b561b905b4fa0976dc455",
        "is_verified": false,
        "line_number": 28,
        "is_secret": false
      }
    ],
    "docs/specs/release-artifact-reliability/receipts/task-3-cross-review.json": [
      {
        "type": "Hex High Entropy String",
        "filename": "docs/specs/release-artifact-reliability/receipts/task-3-cross-review.json",
        "hashed_secret": "c0e1d93471a4556694f9e98cb906f032fa0bd242",
        "is_verified": false,
        "line_number": 4,
        "is_secret": false
      },
      {
        "type": "Hex High Entropy String",
        "filename": "docs/specs/release-artifact-reliability/receipts/task-3-cross-review.json",
        "hashed_secret": "8958274d4c0b91da1adb579633796f99231cfe92",
        "is_verified": false,
        "line_number": 29,
        "is_secret": false
      },
      {
        "type": "Hex High Entropy String",
        "filename": "docs/specs/release-artifact-reliability/receipts/task-3-cross-review.json",
        "hashed_secret": "d1043a72166a40dbd80af858d6918f75ff1b86ad",
        "is_verified": false,
        "line_number": 33,
        "is_secret": false
      },
      {
        "type": "Hex High Entropy String",
        "filename": "docs/specs/release-artifact-reliability/receipts/task-3-cross-review.json",
        "hashed_secret": "ecc58d4973e305ec154b418d60d2123d6f0424b4",
        "is_verified": false,
        "line_number": 37,
        "is_secret": false
      },
      {
        "type": "Hex High Entropy String",
        "filename": "docs/specs/release-artifact-reliability/receipts/task-3-cross-review.json",
        "hashed_secret": "2ce010f56d61391e5ce9c5f10870010c96058615",
        "is_verified": false,
        "line_number": 41,
        "is_secret": false
      },
      {
        "type": "Hex High Entropy String",
        "filename": "docs/specs/release-artifact-reliability/receipts/task-3-cross-review.json",
        "hashed_secret": "afb3a635e5e35d2a0e2677e5f358a817ed0c09cb",
        "is_verified": false,
        "line_number": 45,
        "is_secret": false
      },
      {
        "type": "Hex High Entropy String",
        "filename": "docs/specs/release-artifact-reliability/receipts/task-3-cross-review.json",
        "hashed_secret": "b3649aa2e4cdf906b89d7cd4921d51e59ba7843f",
        "is_verified": false,
        "line_number": 49,
        "is_secret": false
      },
      {
        "type": "Hex High Entropy String",
        "filename": "docs/specs/release-artifact-reliability/receipts/task-3-cross-review.json",
        "hashed_secret": "7765e60a9741b4a0be3b561b905b4fa0976dc455",
        "is_verified": false,
        "line_number": 53,
        "is_secret": false
      }
    ],
    "docs/specs/release-artifact-reliability/receipts/task-5-distribution.json": [
      {
        "type": "Hex High Entropy String",
        "filename": "docs/specs/release-artifact-reliability/receipts/task-5-distribution.json",
        "hashed_secret": "c0e1d93471a4556694f9e98cb906f032fa0bd242",
        "is_verified": false,
        "line_number": 4,
        "is_secret": false
      },
      {
        "type": "Hex High Entropy String",
        "filename": "docs/specs/release-artifact-reliability/receipts/task-5-distribution.json",
        "hashed_secret": "d054ad2b77f5873502bd5785777f546677af9cf4",
        "is_verified": false,
        "line_number": 6,
        "is_secret": false
      },
      {
        "type": "Hex High Entropy String",
        "filename": "docs/specs/release-artifact-reliability/receipts/task-5-distribution.json",
        "hashed_secret": "02687a2c6fbb0d725579aa427fda5179595ac0f6",
        "is_verified": false,
        "line_number": 9,
        "is_secret": false
      },
      {
        "type": "Hex High Entropy String",
        "filename": "docs/specs/release-artifact-reliability/receipts/task-5-distribution.json",
        "hashed_secret": "f3154b43f736401069703f4cbdae8666d480142a",
        "is_verified": false,
        "line_number": 10,
        "is_secret": false
      },
      {
        "type": "Hex High Entropy String",
        "filename": "docs/specs/release-artifact-reliability/receipts/task-5-distribution.json",
        "hashed_secret": "e321c5856dcc1fa5b612beb2af7fef128167fc9d",
        "is_verified": false,
        "line_number": 11,
        "is_secret": false
      },
      {
        "type": "Hex High Entropy String",
        "filename": "docs/specs/release-artifact-reliability/receipts/task-5-distribution.json",
        "hashed_secret": "58b15f100582a4b1450352e0e147a77549bd1929",
        "is_verified": false,
        "line_number": 12,
        "is_secret": false
      },
      {
        "type": "Hex High Entropy String",
        "filename": "docs/specs/release-artifact-reliability/receipts/task-5-distribution.json",
        "hashed_secret": "f895608ebb25c01bd74287ff642318b4a2ab1d90",
        "is_verified": false,
        "line_number": 13,
        "is_secret": false
      },
      {
        "type": "Hex High Entropy String",
        "filename": "docs/specs/release-artifact-reliability/receipts/task-5-distribution.json",
        "hashed_secret": "4317a84c089c796f329724fddde612378bb31524",
        "is_verified": false,
        "line_number": 14,
        "is_secret": false
      },
      {
        "type": "Hex High Entropy String",
        "filename": "docs/specs/release-artifact-reliability/receipts/task-5-distribution.json",
        "hashed_secret": "79aeecc0411f272da4bc52569b78a775c03d3fca",
        "is_verified": false,
        "line_number": 15,
        "is_secret": false
      },
      {
        "type": "Hex High Entropy String",
        "filename": "docs/specs/release-artifact-reliability/receipts/task-5-distribution.json",
        "hashed_secret": "9307d42fb0f9677d3118542510efb5ad86b7a606",
        "is_verified": false,
        "line_number": 16,
        "is_secret": false
      },
      {
        "type": "Hex High Entropy String",
        "filename": "docs/specs/release-artifact-reliability/receipts/task-5-distribution.json",
        "hashed_secret": "9e60ded9057172a7469098c2de25d260801fba79",
        "is_verified": false,
        "line_number": 17,
        "is_secret": false
      },
      {
        "type": "Hex High Entropy String",
        "filename": "docs/specs/release-artifact-reliability/receipts/task-5-distribution.json",
        "hashed_secret": "05c710efcda673e621c3d26fc00dca5031354a5d",
        "is_verified": false,
        "line_number": 18,
        "is_secret": false
      },
      {
        "type": "Hex High Entropy String",
        "filename": "docs/specs/release-artifact-reliability/receipts/task-5-distribution.json",
        "hashed_secret": "50419084f91358da8e0e5e62f65f7253970b946f",
        "is_verified": false,
        "line_number": 19,
        "is_secret": false
      },
      {
        "type": "Hex High Entropy String",
        "filename": "docs/specs/release-artifact-reliability/receipts/task-5-distribution.json",
        "hashed_secret": "b58de5b9bcf5dd9156aeb08ffa6443d97ad901f1",
        "is_verified": false,
        "line_number": 20,
        "is_secret": false
      },
      {
        "type": "Hex High Entropy String",
        "filename": "docs/specs/release-artifact-reliability/receipts/task-5-distribution.json",
        "hashed_secret": "fe88349ccfa36748393f4b266a5402bcd198d7a2",
        "is_verified": false,
        "line_number": 21,
        "is_secret": false
      },
      {
        "type": "Hex High Entropy String",
        "filename": "docs/specs/release-artifact-reliability/receipts/task-5-distribution.json",
        "hashed_secret": "d61713c61ba70195c08a3221164350fc12f5f26d",
        "is_verified": false,
        "line_number": 22,
        "is_secret": false
      },
      {
        "type": "Hex High Entropy String",
        "filename": "docs/specs/release-artifact-reliability/receipts/task-5-distribution.json",
        "hashed_secret": "682895939736493afdf0db62f34fbe2dbdf41e54",
        "is_verified": false,
        "line_number": 23,
        "is_secret": false
      },
      {
        "type": "Hex High Entropy String",
        "filename": "docs/specs/release-artifact-reliability/receipts/task-5-distribution.json",
        "hashed_secret": "baf0317f6f823a126ada4b37d43ba9680f2a2178",
        "is_verified": false,
        "line_number": 24,
        "is_secret": false
      },
      {
        "type": "Hex High Entropy String",
        "filename": "docs/specs/release-artifact-reliability/receipts/task-5-distribution.json",
        "hashed_secret": "567e095bc4406925cd59fbfed434c5667a2d6c5f",
        "is_verified": false,
        "line_number": 25,
        "is_secret": false
      },
      {
        "type": "Hex High Entropy String",
        "filename": "docs/specs/release-artifact-reliability/receipts/task-5-distribution.json",
        "hashed_secret": "730f4c2f983ff08ce27080257417878d00d0a798",
        "is_verified": false,
        "line_number": 26,
        "is_secret": false
      },
      {
        "type": "Hex High Entropy String",
        "filename": "docs/specs/release-artifact-reliability/receipts/task-5-distribution.json",
        "hashed_secret": "19e5a058d82e68b8496b8eeb536ce4e330550e4b",
        "is_verified": false,
        "line_number": 27,
        "is_secret": false
      },
      {
        "type": "Hex High Entropy String",
        "filename": "docs/specs/release-artifact-reliability/receipts/task-5-distribution.json",
        "hashed_secret": "fc98c378993cc45cdc48abe08fe4b9e3ae4430c3",
        "is_verified": false,
        "line_number": 28,
        "is_secret": false
      },
      {
        "type": "Hex High Entropy String",
        "filename": "docs/specs/release-artifact-reliability/receipts/task-5-distribution.json",
        "hashed_secret": "a806227fc78ef3b913ebfb12e52abbcdece23334",
        "is_verified": false,
        "line_number": 29,
        "is_secret": false
      },
      {
        "type": "Hex High Entropy String",
        "filename": "docs/specs/release-artifact-reliability/receipts/task-5-distribution.json",
        "hashed_secret": "04cb596f196c067fe7d17488087f05dabb9d89f3",
        "is_verified": false,
        "line_number": 30,
        "is_secret": false
      },
      {
        "type": "Hex High Entropy String",
        "filename": "docs/specs/release-artifact-reliability/receipts/task-5-distribution.json",
        "hashed_secret": "5ffa5d4c25992c24c39719aed78a01dd2e759b0f",
        "is_verified": false,
        "line_number": 31,
        "is_secret": false
      },
      {
        "type": "Hex High Entropy String",
        "filename": "docs/specs/release-artifact-reliability/receipts/task-5-distribution.json",
        "hashed_secret": "603485eb5f7ce91d61848339e88cb9417ce48689",
        "is_verified": false,
        "line_number": 32,
        "is_secret": false
      },
      {
        "type": "Hex High Entropy String",
        "filename": "docs/specs/release-artifact-reliability/receipts/task-5-distribution.json",
        "hashed_secret": "eb6f37ce87d29050cfb059f83c3783e2f873298d",
        "is_verified": false,
        "line_number": 33,
        "is_secret": false
      },
      {
        "type": "Hex High Entropy String",
        "filename": "docs/specs/release-artifact-reliability/receipts/task-5-distribution.json",
        "hashed_secret": "533ae013e17084d8bbed9a13420aecabd6215ca3",
        "is_verified": false,
        "line_number": 34,
        "is_secret": false
      },
      {
        "type": "Hex High Entropy String",
        "filename": "docs/specs/release-artifact-reliability/receipts/task-5-distribution.json",
        "hashed_secret": "99f74404cec887f63aec25de20b271d4ba2092a9",
        "is_verified": false,
        "line_number": 35,
        "is_secret": false
      },
      {
        "type": "Hex High Entropy String",
        "filename": "docs/specs/release-artifact-reliability/receipts/task-5-distribution.json",
        "hashed_secret": "2586800bfd516eddd537cb56051eb67c5bb85749",
        "is_verified": false,
        "line_number": 36,
        "is_secret": false
      },
      {
        "type": "Hex High Entropy String",
        "filename": "docs/specs/release-artifact-reliability/receipts/task-5-distribution.json",
        "hashed_secret": "153999a99a59d54ad02c72a6ebf346492aebebe0",
        "is_verified": false,
        "line_number": 37,
        "is_secret": false
      },
      {
        "type": "Hex High Entropy String",
        "filename": "docs/specs/release-artifact-reliability/receipts/task-5-distribution.json",
        "hashed_secret": "8321b118ff73ed74ef225082724d330492d6c6ea",
        "is_verified": false,
        "line_number": 38,
        "is_secret": false
      },
      {
        "type": "Hex High Entropy String",
        "filename": "docs/specs/release-artifact-reliability/receipts/task-5-distribution.json",
        "hashed_secret": "ecb507ef9bb3bf0dc1ea31750d681c7b7f4b7f51",
        "is_verified": false,
        "line_number": 39,
        "is_secret": false
      },
      {
        "type": "Hex High Entropy String",
        "filename": "docs/specs/release-artifact-reliability/receipts/task-5-distribution.json",
        "hashed_secret": "0683da7e94ef156bc311ee8acc39208330e97ea0",
        "is_verified": false,
        "line_number": 40,
        "is_secret": false
      },
      {
        "type": "Hex High Entropy String",
        "filename": "docs/specs/release-artifact-reliability/receipts/task-5-distribution.json",
        "hashed_secret": "52be45ae9db92cb3402701d671001873aaa46a60",
        "is_verified": false,
        "line_number": 41,
        "is_secret": false
      },
      {
        "type": "Hex High Entropy String",
        "filename": "docs/specs/release-artifact-reliability/receipts/task-5-distribution.json",
        "hashed_secret": "d82f3352e7018b8b8600ae933f010f2709709444",
        "is_verified": false,
        "line_number": 42,
        "is_secret": false
      },
      {
        "type": "Hex High Entropy String",
        "filename": "docs/specs/release-artifact-reliability/receipts/task-5-distribution.json",
        "hashed_secret": "2addbbd23aa50c2b85cbd609212c1c09c88905d0",
        "is_verified": false,
        "line_number": 43,
        "is_secret": false
      },
      {
        "type": "Hex High Entropy String",
        "filename": "docs/specs/release-artifact-reliability/receipts/task-5-distribution.json",
        "hashed_secret": "0b8590f1d742a0b4d11cbb67c30ecd2a3d382ac4",
        "is_verified": false,
        "line_number": 44,
        "is_secret": false
      },
      {
        "type": "Hex High Entropy String",
        "filename": "docs/specs/release-artifact-reliability/receipts/task-5-distribution.json",
        "hashed_secret": "5126e53db612153c4f3e3b653fdd4ad57d67dd2d",
        "is_verified": false,
        "line_number": 45,
        "is_secret": false
      },
      {
        "type": "Hex High Entropy String",
        "filename": "docs/specs/release-artifact-reliability/receipts/task-5-distribution.json",
        "hashed_secret": "205ff0179ff917f2479e52fe3861ebe62b2f2113",
        "is_verified": false,
        "line_number": 46,
        "is_secret": false
      },
      {
        "type": "Hex High Entropy String",
        "filename": "docs/specs/release-artifact-reliability/receipts/task-5-distribution.json",
        "hashed_secret": "53ec05e986f962dd124fb242cde67126bdb20ac2",
        "is_verified": false,
        "line_number": 47,
        "is_secret": false
      },
      {
        "type": "Hex High Entropy String",
        "filename": "docs/specs/release-artifact-reliability/receipts/task-5-distribution.json",
        "hashed_secret": "6a4200fd2f60c85f56572d7521dc3c0210c5435f",
        "is_verified": false,
        "line_number": 48,
        "is_secret": false
      },
      {
        "type": "Hex High Entropy String",
        "filename": "docs/specs/release-artifact-reliability/receipts/task-5-distribution.json",
        "hashed_secret": "b0a12d63b3cf41c80df2edc508ef8e556449ba2b",
        "is_verified": false,
        "line_number": 49,
        "is_secret": false
      },
      {
        "type": "Hex High Entropy String",
        "filename": "docs/specs/release-artifact-reliability/receipts/task-5-distribution.json",
        "hashed_secret": "244f421f896bdcdd2784dccf4eaf7c8dfd5189b5",
        "is_verified": false,
        "line_number": 50,
        "is_secret": false
      },
      {
        "type": "Hex High Entropy String",
        "filename": "docs/specs/release-artifact-reliability/receipts/task-5-distribution.json",
        "hashed_secret": "acf80fa518b4ad00cbb871559f6cc47687374bd8",
        "is_verified": false,
        "line_number": 51,
        "is_secret": false
      },
      {
        "type": "Hex High Entropy String",
        "filename": "docs/specs/release-artifact-reliability/receipts/task-5-distribution.json",
        "hashed_secret": "799580409e41df613ab7f45431bb65fb9edfb113",
        "is_verified": false,
        "line_number": 52,
        "is_secret": false
      },
      {
        "type": "Hex High Entropy String",
        "filename": "docs/specs/release-artifact-reliability/receipts/task-5-distribution.json",
        "hashed_secret": "211129792facbf26c2cbf9fb25ef9e5466698fb3",
        "is_verified": false,
        "line_number": 53,
        "is_secret": false
      },
      {
        "type": "Hex High Entropy String",
        "filename": "docs/specs/release-artifact-reliability/receipts/task-5-distribution.json",
        "hashed_secret": "779bc38cd8a39d2a70ac6832a294b9bb23ff1489",
        "is_verified": false,
        "line_number": 58,
        "is_secret": false
      },
      {
        "type": "Hex High Entropy String",
        "filename": "docs/specs/release-artifact-reliability/receipts/task-5-distribution.json",
        "hashed_secret": "5461dbc97aae22b5d0af235063c4efc1a3561d73",
        "is_verified": false,
        "line_number": 62,
        "is_secret": false
      },
      {
        "type": "Hex High Entropy String",
        "filename": "docs/specs/release-artifact-reliability/receipts/task-5-distribution.json",
        "hashed_secret": "0cf8a8ea905d6aaa2c6aabfaca11df76ebf17138",
        "is_verified": false,
        "line_number": 189,
        "is_secret": false
      }
    ],
    "docs/specs/release-artifact-reliability/receipts/task-5-initial-environment-tests.xml": [
      {
        "type": "Base64 High Entropy String",
        "filename": "docs/specs/release-artifact-reliability/receipts/task-5-initial-environment-tests.xml",
        "hashed_secret": "e8d431bcd82acf480753399d484a87e4cd227a31",
        "is_verified": false,
        "line_number": 1,
        "is_secret": false
      },
      {
        "type": "Base64 High Entropy String",
        "filename": "docs/specs/release-artifact-reliability/receipts/task-5-initial-environment-tests.xml",
        "hashed_secret": "be59344f76f7a3c2ed23047b0422266b18efe9f4",
        "is_verified": false,
        "line_number": 30,
        "is_secret": false
      }
    ],
    "docs/specs/release-artifact-reliability/receipts/task-5-negative-controls.json": [
      {
        "type": "Hex High Entropy String",
        "filename": "docs/specs/release-artifact-reliability/receipts/task-5-negative-controls.json",
        "hashed_secret": "779bc38cd8a39d2a70ac6832a294b9bb23ff1489",
        "is_verified": false,
        "line_number": 4,
        "is_secret": false
      },
      {
        "type": "Hex High Entropy String",
        "filename": "docs/specs/release-artifact-reliability/receipts/task-5-negative-controls.json",
        "hashed_secret": "5461dbc97aae22b5d0af235063c4efc1a3561d73",
        "is_verified": false,
        "line_number": 5,
        "is_secret": false
      },
      {
        "type": "Hex High Entropy String",
        "filename": "docs/specs/release-artifact-reliability/receipts/task-5-negative-controls.json",
        "hashed_secret": "a953253d8ed540d1eb7a6962ac263d5169dea5ce",
        "is_verified": false,
        "line_number": 30,
        "is_secret": false
      }
    ],
    "docs/specs/release-artifact-reliability/receipts/task-5-pre-cross-review-distribution.json": [
      {
        "type": "Hex High Entropy String",
        "filename": "docs/specs/release-artifact-reliability/receipts/task-5-pre-cross-review-distribution.json",
        "hashed_secret": "c0e1d93471a4556694f9e98cb906f032fa0bd242",
        "is_verified": false,
        "line_number": 4,
        "is_secret": false
      },
      {
        "type": "Hex High Entropy String",
        "filename": "docs/specs/release-artifact-reliability/receipts/task-5-pre-cross-review-distribution.json",
        "hashed_secret": "11645b09598c386b495e2d28f455a05dc819ec7c",
        "is_verified": false,
        "line_number": 6,
        "is_secret": false
      },
      {
        "type": "Hex High Entropy String",
        "filename": "docs/specs/release-artifact-reliability/receipts/task-5-pre-cross-review-distribution.json",
        "hashed_secret": "02687a2c6fbb0d725579aa427fda5179595ac0f6",
        "is_verified": false,
        "line_number": 9,
        "is_secret": false
      },
      {
        "type": "Hex High Entropy String",
        "filename": "docs/specs/release-artifact-reliability/receipts/task-5-pre-cross-review-distribution.json",
        "hashed_secret": "f3154b43f736401069703f4cbdae8666d480142a",
        "is_verified": false,
        "line_number": 10,
        "is_secret": false
      },
      {
        "type": "Hex High Entropy String",
        "filename": "docs/specs/release-artifact-reliability/receipts/task-5-pre-cross-review-distribution.json",
        "hashed_secret": "e321c5856dcc1fa5b612beb2af7fef128167fc9d",
        "is_verified": false,
        "line_number": 11,
        "is_secret": false
      },
      {
        "type": "Hex High Entropy String",
        "filename": "docs/specs/release-artifact-reliability/receipts/task-5-pre-cross-review-distribution.json",
        "hashed_secret": "d1043a72166a40dbd80af858d6918f75ff1b86ad",
        "is_verified": false,
        "line_number": 12,
        "is_secret": false
      },
      {
        "type": "Hex High Entropy String",
        "filename": "docs/specs/release-artifact-reliability/receipts/task-5-pre-cross-review-distribution.json",
        "hashed_secret": "f895608ebb25c01bd74287ff642318b4a2ab1d90",
        "is_verified": false,
        "line_number": 13,
        "is_secret": false
      },
      {
        "type": "Hex High Entropy String",
        "filename": "docs/specs/release-artifact-reliability/receipts/task-5-pre-cross-review-distribution.json",
        "hashed_secret": "4317a84c089c796f329724fddde612378bb31524",
        "is_verified": false,
        "line_number": 14,
        "is_secret": false
      },
      {
        "type": "Hex High Entropy String",
        "filename": "docs/specs/release-artifact-reliability/receipts/task-5-pre-cross-review-distribution.json",
        "hashed_secret": "79aeecc0411f272da4bc52569b78a775c03d3fca",
        "is_verified": false,
        "line_number": 15,
        "is_secret": false
      },
      {
        "type": "Hex High Entropy String",
        "filename": "docs/specs/release-artifact-reliability/receipts/task-5-pre-cross-review-distribution.json",
        "hashed_secret": "9307d42fb0f9677d3118542510efb5ad86b7a606",
        "is_verified": false,
        "line_number": 16,
        "is_secret": false
      },
      {
        "type": "Hex High Entropy String",
        "filename": "docs/specs/release-artifact-reliability/receipts/task-5-pre-cross-review-distribution.json",
        "hashed_secret": "9e60ded9057172a7469098c2de25d260801fba79",
        "is_verified": false,
        "line_number": 17,
        "is_secret": false
      },
      {
        "type": "Hex High Entropy String",
        "filename": "docs/specs/release-artifact-reliability/receipts/task-5-pre-cross-review-distribution.json",
        "hashed_secret": "05c710efcda673e621c3d26fc00dca5031354a5d",
        "is_verified": false,
        "line_number": 18,
        "is_secret": false
      },
      {
        "type": "Hex High Entropy String",
        "filename": "docs/specs/release-artifact-reliability/receipts/task-5-pre-cross-review-distribution.json",
        "hashed_secret": "50419084f91358da8e0e5e62f65f7253970b946f",
        "is_verified": false,
        "line_number": 19,
        "is_secret": false
      },
      {
        "type": "Hex High Entropy String",
        "filename": "docs/specs/release-artifact-reliability/receipts/task-5-pre-cross-review-distribution.json",
        "hashed_secret": "b58de5b9bcf5dd9156aeb08ffa6443d97ad901f1",
        "is_verified": false,
        "line_number": 20,
        "is_secret": false
      },
      {
        "type": "Hex High Entropy String",
        "filename": "docs/specs/release-artifact-reliability/receipts/task-5-pre-cross-review-distribution.json",
        "hashed_secret": "fe88349ccfa36748393f4b266a5402bcd198d7a2",
        "is_verified": false,
        "line_number": 21,
        "is_secret": false
      },
      {
        "type": "Hex High Entropy String",
        "filename": "docs/specs/release-artifact-reliability/receipts/task-5-pre-cross-review-distribution.json",
        "hashed_secret": "d61713c61ba70195c08a3221164350fc12f5f26d",
        "is_verified": false,
        "line_number": 22,
        "is_secret": false
      },
      {
        "type": "Hex High Entropy String",
        "filename": "docs/specs/release-artifact-reliability/receipts/task-5-pre-cross-review-distribution.json",
        "hashed_secret": "682895939736493afdf0db62f34fbe2dbdf41e54",
        "is_verified": false,
        "line_number": 23,
        "is_secret": false
      },
      {
        "type": "Hex High Entropy String",
        "filename": "docs/specs/release-artifact-reliability/receipts/task-5-pre-cross-review-distribution.json",
        "hashed_secret": "baf0317f6f823a126ada4b37d43ba9680f2a2178",
        "is_verified": false,
        "line_number": 24,
        "is_secret": false
      },
      {
        "type": "Hex High Entropy String",
        "filename": "docs/specs/release-artifact-reliability/receipts/task-5-pre-cross-review-distribution.json",
        "hashed_secret": "567e095bc4406925cd59fbfed434c5667a2d6c5f",
        "is_verified": false,
        "line_number": 25,
        "is_secret": false
      },
      {
        "type": "Hex High Entropy String",
        "filename": "docs/specs/release-artifact-reliability/receipts/task-5-pre-cross-review-distribution.json",
        "hashed_secret": "730f4c2f983ff08ce27080257417878d00d0a798",
        "is_verified": false,
        "line_number": 26,
        "is_secret": false
      },
      {
        "type": "Hex High Entropy String",
        "filename": "docs/specs/release-artifact-reliability/receipts/task-5-pre-cross-review-distribution.json",
        "hashed_secret": "19e5a058d82e68b8496b8eeb536ce4e330550e4b",
        "is_verified": false,
        "line_number": 27,
        "is_secret": false
      },
      {
        "type": "Hex High Entropy String",
        "filename": "docs/specs/release-artifact-reliability/receipts/task-5-pre-cross-review-distribution.json",
        "hashed_secret": "fc98c378993cc45cdc48abe08fe4b9e3ae4430c3",
        "is_verified": false,
        "line_number": 28,
        "is_secret": false
      },
      {
        "type": "Hex High Entropy String",
        "filename": "docs/specs/release-artifact-reliability/receipts/task-5-pre-cross-review-distribution.json",
        "hashed_secret": "a806227fc78ef3b913ebfb12e52abbcdece23334",
        "is_verified": false,
        "line_number": 29,
        "is_secret": false
      },
      {
        "type": "Hex High Entropy String",
        "filename": "docs/specs/release-artifact-reliability/receipts/task-5-pre-cross-review-distribution.json",
        "hashed_secret": "04cb596f196c067fe7d17488087f05dabb9d89f3",
        "is_verified": false,
        "line_number": 30,
        "is_secret": false
      },
      {
        "type": "Hex High Entropy String",
        "filename": "docs/specs/release-artifact-reliability/receipts/task-5-pre-cross-review-distribution.json",
        "hashed_secret": "5ffa5d4c25992c24c39719aed78a01dd2e759b0f",
        "is_verified": false,
        "line_number": 31,
        "is_secret": false
      },
      {
        "type": "Hex High Entropy String",
        "filename": "docs/specs/release-artifact-reliability/receipts/task-5-pre-cross-review-distribution.json",
        "hashed_secret": "603485eb5f7ce91d61848339e88cb9417ce48689",
        "is_verified": false,
        "line_number": 32,
        "is_secret": false
      },
      {
        "type": "Hex High Entropy String",
        "filename": "docs/specs/release-artifact-reliability/receipts/task-5-pre-cross-review-distribution.json",
        "hashed_secret": "eb6f37ce87d29050cfb059f83c3783e2f873298d",
        "is_verified": false,
        "line_number": 33,
        "is_secret": false
      },
      {
        "type": "Hex High Entropy String",
        "filename": "docs/specs/release-artifact-reliability/receipts/task-5-pre-cross-review-distribution.json",
        "hashed_secret": "533ae013e17084d8bbed9a13420aecabd6215ca3",
        "is_verified": false,
        "line_number": 34,
        "is_secret": false
      },
      {
        "type": "Hex High Entropy String",
        "filename": "docs/specs/release-artifact-reliability/receipts/task-5-pre-cross-review-distribution.json",
        "hashed_secret": "99f74404cec887f63aec25de20b271d4ba2092a9",
        "is_verified": false,
        "line_number": 35,
        "is_secret": false
      },
      {
        "type": "Hex High Entropy String",
        "filename": "docs/specs/release-artifact-reliability/receipts/task-5-pre-cross-review-distribution.json",
        "hashed_secret": "2586800bfd516eddd537cb56051eb67c5bb85749",
        "is_verified": false,
        "line_number": 36,
        "is_secret": false
      },
      {
        "type": "Hex High Entropy String",
        "filename": "docs/specs/release-artifact-reliability/receipts/task-5-pre-cross-review-distribution.json",
        "hashed_secret": "153999a99a59d54ad02c72a6ebf346492aebebe0",
        "is_verified": false,
        "line_number": 37,
        "is_secret": false
      },
      {
        "type": "Hex High Entropy String",
        "filename": "docs/specs/release-artifact-reliability/receipts/task-5-pre-cross-review-distribution.json",
        "hashed_secret": "8321b118ff73ed74ef225082724d330492d6c6ea",
        "is_verified": false,
        "line_number": 38,
        "is_secret": false
      },
      {
        "type": "Hex High Entropy String",
        "filename": "docs/specs/release-artifact-reliability/receipts/task-5-pre-cross-review-distribution.json",
        "hashed_secret": "ecb507ef9bb3bf0dc1ea31750d681c7b7f4b7f51",
        "is_verified": false,
        "line_number": 39,
        "is_secret": false
      },
      {
        "type": "Hex High Entropy String",
        "filename": "docs/specs/release-artifact-reliability/receipts/task-5-pre-cross-review-distribution.json",
        "hashed_secret": "0683da7e94ef156bc311ee8acc39208330e97ea0",
        "is_verified": false,
        "line_number": 40,
        "is_secret": false
      },
      {
        "type": "Hex High Entropy String",
        "filename": "docs/specs/release-artifact-reliability/receipts/task-5-pre-cross-review-distribution.json",
        "hashed_secret": "52be45ae9db92cb3402701d671001873aaa46a60",
        "is_verified": false,
        "line_number": 41,
        "is_secret": false
      },
      {
        "type": "Hex High Entropy String",
        "filename": "docs/specs/release-artifact-reliability/receipts/task-5-pre-cross-review-distribution.json",
        "hashed_secret": "d82f3352e7018b8b8600ae933f010f2709709444",
        "is_verified": false,
        "line_number": 42,
        "is_secret": false
      },
      {
        "type": "Hex High Entropy String",
        "filename": "docs/specs/release-artifact-reliability/receipts/task-5-pre-cross-review-distribution.json",
        "hashed_secret": "2addbbd23aa50c2b85cbd609212c1c09c88905d0",
        "is_verified": false,
        "line_number": 43,
        "is_secret": false
      },
      {
        "type": "Hex High Entropy String",
        "filename": "docs/specs/release-artifact-reliability/receipts/task-5-pre-cross-review-distribution.json",
        "hashed_secret": "0b8590f1d742a0b4d11cbb67c30ecd2a3d382ac4",
        "is_verified": false,
        "line_number": 44,
        "is_secret": false
      },
      {
        "type": "Hex High Entropy String",
        "filename": "docs/specs/release-artifact-reliability/receipts/task-5-pre-cross-review-distribution.json",
        "hashed_secret": "5126e53db612153c4f3e3b653fdd4ad57d67dd2d",
        "is_verified": false,
        "line_number": 45,
        "is_secret": false
      },
      {
        "type": "Hex High Entropy String",
        "filename": "docs/specs/release-artifact-reliability/receipts/task-5-pre-cross-review-distribution.json",
        "hashed_secret": "205ff0179ff917f2479e52fe3861ebe62b2f2113",
        "is_verified": false,
        "line_number": 46,
        "is_secret": false
      },
      {
        "type": "Hex High Entropy String",
        "filename": "docs/specs/release-artifact-reliability/receipts/task-5-pre-cross-review-distribution.json",
        "hashed_secret": "53ec05e986f962dd124fb242cde67126bdb20ac2",
        "is_verified": false,
        "line_number": 47,
        "is_secret": false
      },
      {
        "type": "Hex High Entropy String",
        "filename": "docs/specs/release-artifact-reliability/receipts/task-5-pre-cross-review-distribution.json",
        "hashed_secret": "6a4200fd2f60c85f56572d7521dc3c0210c5435f",
        "is_verified": false,
        "line_number": 48,
        "is_secret": false
      },
      {
        "type": "Hex High Entropy String",
        "filename": "docs/specs/release-artifact-reliability/receipts/task-5-pre-cross-review-distribution.json",
        "hashed_secret": "b0a12d63b3cf41c80df2edc508ef8e556449ba2b",
        "is_verified": false,
        "line_number": 49,
        "is_secret": false
      },
      {
        "type": "Hex High Entropy String",
        "filename": "docs/specs/release-artifact-reliability/receipts/task-5-pre-cross-review-distribution.json",
        "hashed_secret": "244f421f896bdcdd2784dccf4eaf7c8dfd5189b5",
        "is_verified": false,
        "line_number": 50,
        "is_secret": false
      },
      {
        "type": "Hex High Entropy String",
        "filename": "docs/specs/release-artifact-reliability/receipts/task-5-pre-cross-review-distribution.json",
        "hashed_secret": "acf80fa518b4ad00cbb871559f6cc47687374bd8",
        "is_verified": false,
        "line_number": 51,
        "is_secret": false
      },
      {
        "type": "Hex High Entropy String",
        "filename": "docs/specs/release-artifact-reliability/receipts/task-5-pre-cross-review-distribution.json",
        "hashed_secret": "799580409e41df613ab7f45431bb65fb9edfb113",
        "is_verified": false,
        "line_number": 52,
        "is_secret": false
      },
      {
        "type": "Hex High Entropy String",
        "filename": "docs/specs/release-artifact-reliability/receipts/task-5-pre-cross-review-distribution.json",
        "hashed_secret": "211129792facbf26c2cbf9fb25ef9e5466698fb3",
        "is_verified": false,
        "line_number": 53,
        "is_secret": false
      },
      {
        "type": "Hex High Entropy String",
        "filename": "docs/specs/release-artifact-reliability/receipts/task-5-pre-cross-review-distribution.json",
        "hashed_secret": "878fb5eb67b0c0b3a7efd3cb6e1b04ab9972243d",
        "is_verified": false,
        "line_number": 58,
        "is_secret": false
      },
      {
        "type": "Hex High Entropy String",
        "filename": "docs/specs/release-artifact-reliability/receipts/task-5-pre-cross-review-distribution.json",
        "hashed_secret": "f2883a7a7bac3fd0adc189f8c6b06ce5d30df91a",
        "is_verified": false,
        "line_number": 62,
        "is_secret": false
      },
      {
        "type": "Hex High Entropy String",
        "filename": "docs/specs/release-artifact-reliability/receipts/task-5-pre-cross-review-distribution.json",
        "hashed_secret": "0cf8a8ea905d6aaa2c6aabfaca11df76ebf17138",
        "is_verified": false,
        "line_number": 189,
        "is_secret": false
      }
    ],
    "docs/specs/release-artifact-reliability/receipts/task-5-pre-cross-review-negative-controls.json": [
      {
        "type": "Hex High Entropy String",
        "filename": "docs/specs/release-artifact-reliability/receipts/task-5-pre-cross-review-negative-controls.json",
        "hashed_secret": "878fb5eb67b0c0b3a7efd3cb6e1b04ab9972243d",
        "is_verified": false,
        "line_number": 4,
        "is_secret": false
      },
      {
        "type": "Hex High Entropy String",
        "filename": "docs/specs/release-artifact-reliability/receipts/task-5-pre-cross-review-negative-controls.json",
        "hashed_secret": "f2883a7a7bac3fd0adc189f8c6b06ce5d30df91a",
        "is_verified": false,
        "line_number": 5,
        "is_secret": false
      },
      {
        "type": "Hex High Entropy String",
        "filename": "docs/specs/release-artifact-reliability/receipts/task-5-pre-cross-review-negative-controls.json",
        "hashed_secret": "d2402593d80fdbdc7e5292c69b1e231b4f61b037",
        "is_verified": false,
        "line_number": 30,
        "is_secret": false
      }
    ],
    "docs/specs/release-artifact-reliability/receipts/task-5-pre-cross-review-review.json": [
      {
        "type": "Hex High Entropy String",
        "filename": "docs/specs/release-artifact-reliability/receipts/task-5-pre-cross-review-review.json",
        "hashed_secret": "878fb5eb67b0c0b3a7efd3cb6e1b04ab9972243d",
        "is_verified": false,
        "line_number": 15,
        "is_secret": false
      },
      {
        "type": "Hex High Entropy String",
        "filename": "docs/specs/release-artifact-reliability/receipts/task-5-pre-cross-review-review.json",
        "hashed_secret": "f2883a7a7bac3fd0adc189f8c6b06ce5d30df91a",
        "is_verified": false,
        "line_number": 16,
        "is_secret": false
      }
    ],
    "docs/specs/release-artifact-reliability/receipts/task-5-review.json": [
      {
        "type": "Hex High Entropy String",
        "filename": "docs/specs/release-artifact-reliability/receipts/task-5-review.json",
        "hashed_secret": "779bc38cd8a39d2a70ac6832a294b9bb23ff1489",
        "is_verified": false,
        "line_number": 18,
        "is_secret": false
      },
      {
        "type": "Hex High Entropy String",
        "filename": "docs/specs/release-artifact-reliability/receipts/task-5-review.json",
        "hashed_secret": "5461dbc97aae22b5d0af235063c4efc1a3561d73",
        "is_verified": false,
        "line_number": 19,
        "is_secret": false
      },
      {
        "type": "Hex High Entropy String",
        "filename": "docs/specs/release-artifact-reliability/receipts/task-5-review.json",
        "hashed_secret": "d054ad2b77f5873502bd5785777f546677af9cf4",
        "is_verified": false,
        "line_number": 26,
        "is_secret": false
      },
      {
        "type": "Hex High Entropy String",
        "filename": "docs/specs/release-artifact-reliability/receipts/task-5-review.json",
        "hashed_secret": "cd8873e80daebf885bc1e3a165f01b540f297dc8",
        "is_verified": false,
        "line_number": 91,
        "is_secret": false
      },
      {
        "type": "Hex High Entropy String",
        "filename": "docs/specs/release-artifact-reliability/receipts/task-5-review.json",
        "hashed_secret": "278481ff138ce03f305e5c45286990979615e167",
        "is_verified": false,
        "line_number": 92,
        "is_secret": false
      },
      {
        "type": "Hex High Entropy String",
        "filename": "docs/specs/release-artifact-reliability/receipts/task-5-review.json",
        "hashed_secret": "a953253d8ed540d1eb7a6962ac263d5169dea5ce",
        "is_verified": false,
        "line_number": 93,
        "is_secret": false
      },
      {
        "type": "Hex High Entropy String",
        "filename": "docs/specs/release-artifact-reliability/receipts/task-5-review.json",
        "hashed_secret": "f17e87a70a553253997ffc46c42f360d7651c3d5",
        "is_verified": false,
        "line_number": 94,
        "is_secret": false
      },
      {
        "type": "Hex High Entropy String",
        "filename": "docs/specs/release-artifact-reliability/receipts/task-5-review.json",
        "hashed_secret": "1fa0b63cded603812370cf3fea76f1fe588d29aa",
        "is_verified": false,
        "line_number": 95,
        "is_secret": false
      }
    ],
    "tests/unit/test_benchmark.py": [
      {
        "type": "Secret Keyword",
        "filename": "tests/unit/test_benchmark.py",
        "hashed_secret": "54200e04e7d71750f015698a852a34b0d5fb3041",
        "is_verified": false,
        "line_number": 655,
        "is_secret": false
      },
      {
        "type": "Secret Keyword",
        "filename": "tests/unit/test_benchmark.py",
        "hashed_secret": "5451b569797b6ab61b8915f67e0714d4d7054981",
        "is_verified": false,
        "line_number": 984,
        "is_secret": false
      }
    ]
  },
  "generated_at": "2026-08-10T05:05:06Z"
}
